// Jest Snapshot v1, https://goo.gl/fbAQLP

exports[`Loading renders without props 1`] = `null`;
