// Jest Snapshot v1, https://goo.gl/fbAQLP

exports[`RestrictedRoute fails without prop component 1`] = `
<Router
  history={
    Object {
      "action": "POP",
      "block": [Function],
      "createHref": [Function],
      "go": [Function],
      "goBack": [Function],
      "goForward": [Function],
      "length": 1,
      "listen": [Function],
      "location": Object {
        "hash": "",
        "pathname": "/",
        "search": "",
        "state": undefined,
      },
      "push": [Function],
      "replace": [Function],
    }
  }
>
  <RestrictedRoute
    component={[Function]}
    isLoggedIn={true}
  >
    <Route
      render={[Function]}
    >
      <component
        history={
          Object {
            "action": "POP",
            "block": [Function],
            "createHref": [Function],
            "go": [Function],
            "goBack": [Function],
            "goForward": [Function],
            "length": 1,
            "listen": [Function],
            "location": Object {
              "hash": "",
              "pathname": "/",
              "search": "",
              "state": undefined,
            },
            "push": [Function],
            "replace": [Function],
          }
        }
        location={
          Object {
            "hash": "",
            "pathname": "/",
            "search": "",
            "state": undefined,
          }
        }
        match={
          Object {
            "isExact": true,
            "params": Object {},
            "path": "/",
            "url": "/",
          }
        }
      >
        <div />
      </component>
    </Route>
  </RestrictedRoute>
</Router>
`;
