// Jest Snapshot v1, https://goo.gl/fbAQLP

exports[`PageLoader renders without props 1`] = `<PageLoader />`;
